=== FIX PUSH 3 ===

--- stash conflicts ---
$ git stash push -m conflicts-only -- .github/workflows/youtube_auto.yml new-youtube-local/scripts/step3_images_imagen.py new-youtube-local/scripts/step5_upload.py youtube/scripts/compile_video.mjs youtube/scripts/generate_script.mjs youtube/scripts/generate_voice.mjs
Saved working directory and index state On main: conflicts-only

rc=0

--- fetch ---
$ git fetch origin main
From https://github.com/uchy0307/my-10oku-project
 * branch            main       -> FETCH_HEAD

rc=0

--- merge ---
$ git merge origin/main --no-edit
Auto-merging new-youtube-local/scripts/step2_voice_gtts.py
CONFLICT (add/add): Merge conflict in new-youtube-local/scripts/step2_voice_gtts.py
Auto-merging new-youtube-local/scripts/step3_images_imagen.py
CONFLICT (add/add): Merge conflict in new-youtube-local/scripts/step3_images_imagen.py
Auto-merging new-youtube-local/scripts/step3b_thumbnail.py
CONFLICT (add/add): Merge conflict in new-youtube-local/scripts/step3b_thumbnail.py
Auto-merging new-youtube-local/scripts/step4_compile_day.py
CONFLICT (add/add): Merge conflict in new-youtube-local/scripts/step4_compile_day.py
Auto-merging new-youtube-local/scripts/step5_upload.py
CONFLICT (add/add): Merge conflict in new-youtube-local/scripts/step5_upload.py
Auto-merging new-youtube-local/scripts/verify_uploaded.py
CONFLICT (add/add): Merge conflict in new-youtube-local/scripts/verify_uploaded.py
Automatic merge failed; fix conflicts and then commit the result.

rc=1

--- merge abort ---
$ git merge --abort
Updating files:  83% (675/813)
Updating files:  84% (683/813)
Updating files:  85% (692/813)
Updating files:  86% (700/813)
Updating files:  87% (708/813)
Updating files:  88% (716/813)
Updating files:  89% (724/813)
Updating files:  90% (732/813)
Updating files:  91% (740/813)
Updating files:  92% (748/813)
Updating files:  93% (757/813)
Updating files:  94% (765/813)
Updating files:  95% (773/813)
Updating files:  96% (781/813)
Updating files:  97% (789/813)
Updating files:  98% (797/813)
Updating files:  99% (805/813)
Updating files: 100% (813/813)
Updating files: 100% (813/813), done.

rc=0

--- rebase fallback ---
$ git rebase origin/main
Auto-merging new-youtube-local/scripts/step2_voice_gtts.py
CONFLICT (add/add): Merge conflict in new-youtube-local/scripts/step2_voice_gtts.py
Auto-merging new-youtube-local/scripts/step3_images_imagen.py
CONFLICT (add/add): Merge conflict in new-youtube-local/scripts/step3_images_imagen.py
Auto-merging new-youtube-local/scripts/step3b_thumbnail.py
CONFLICT (add/add): Merge conflict in new-youtube-local/scripts/step3b_thumbnail.py
Auto-merging new-youtube-local/scripts/step4_compile_day.py
CONFLICT (add/add): Merge conflict in new-youtube-local/scripts/step4_compile_day.py
Auto-merging new-youtube-local/scripts/step5_upload.py
CONFLICT (add/add): Merge conflict in new-youtube-local/scripts/step5_upload.py
Auto-merging new-youtube-local/scripts/verify_uploaded.py
CONFLICT (add/add): Merge conflict in new-youtube-local/scripts/verify_uploaded.py
Rebasing (1/2)
error: could not apply 5ce7ff7... feat(otona-day): A-case workflow + GTTS step2 + subtitle burn step4 + verify_uploaded - schedule 23/04 UTC (08/13 JST)
hint: Resolve all conflicts manually, mark them as resolved with
hint: "git add/rm <conflicted_files>", then run "git rebase --continue".
hint: You can instead skip this commit: run "git rebase --skip".
hint: To abort and get back to the state before "git rebase", run "git rebase --abort".
hint: Disable this message with "git config set advice.mergeConflict false"
Could not apply 5ce7ff7... # feat(otona-day): A-case workflow + GTTS step2 + subtitle burn step4 + verify_uploaded - schedule 23/04 UTC (08/13 JST)

rc=1

--- rebase abort ---
$ git rebase --abort

rc=0

--- push ---
$ git push origin main
TIMEOUT after 180s: Command '['git', 'push', 'origin', 'main']' timed out after 180 seconds
rc=-1

--- stash pop ---
$ git stash pop
Auto-merging .github/workflows/youtube_auto.yml
CONFLICT (content): Merge conflict in .github/workflows/youtube_auto.yml
Auto-merging new-youtube-local/scripts/step3_images_imagen.py
CONFLICT (content): Merge conflict in new-youtube-local/scripts/step3_images_imagen.py
Auto-merging new-youtube-local/scripts/step5_upload.py
Auto-merging youtube/scripts/compile_video.mjs
CONFLICT (content): Merge conflict in youtube/scripts/compile_video.mjs
Auto-merging youtube/scripts/generate_script.mjs
CONFLICT (content): Merge conflict in youtube/scripts/generate_script.mjs
Auto-merging youtube/scripts/generate_voice.mjs
CONFLICT (content): Merge conflict in youtube/scripts/generate_voice.mjs
On branch main
Your branch is up to date with 'origin/main'.

Unmerged paths:
  (use "git restore --staged <file>..." to unstage)
  (use "git add <file>..." to mark resolution)
	both modified:   .github/workflows/youtube_auto.yml
	both modified:   new-youtube-local/scripts/step3_images_imagen.py
	both modified:   youtube/scripts/compile_video.mjs
	both modified:   youtube/scripts/generate_script.mjs
	both modified:   youtube/scripts/generate_voice.mjs

Untracked files:
  (use "git add <file>..." to include in what will be committed)
	_backup_for_push/
	_git_fix_push2_log.txt
	_git_fix_push3.py
	_git_fix_push3_log.txt
	_git_fix_push4.py
	_git_fix_push4_done.txt
	_git_fix_push4_head.txt
	_git_fix_push4_log.txt
	_run_fix_push2_stderr.txt
	_run_fix_push2_stdout.txt
	_run_fix_push3.bat
	_run_fix_push3_stderr.txt
	_run_fix_push3_stdout.txt
	_run_fix_push4.bat
	_run_fix_push4_done.txt
	_run_fix_push4_stderr.txt
	_run_fix_push4_stdout.txt
	new-youtube-local/__pycache__/
	new-youtube-local/logs/
	new-youtube-local/output/_raw_post_py9D94NG_Ls_clip_01_01.webm
	new-youtube-local/output/current.json
	new-youtube-local/output/p001_clip_01_00.mp4
	new-youtube-local/output/p001_clip_01_01.mp4
	new-youtube-local/output/p001_clip_01_02.mp4
	new-youtube-local/output/p001_clip_02_00.mp4
	new-youtube-local/output/p001_clip_02_01.mp4
	new-youtube-local/output/p001_clip_02_02.mp4
	new-youtube-local/output/p001_clip_03_00.mp4
	new-youtube-local/output/p001_clip_03_01.mp4
	new-youtube-local/output/p001_clip_03_02.mp4
	new-youtube-local/output/p001_clip_04_00.mp4
	new-youtube-local/output/p001_clip_04_01.mp4
	new-youtube-local/output/p001_clip_04_02.mp4
	new-youtube-local/output/p001_clip_05_00.mp4
	new-youtube-local/output/p001_clip_05_01.mp4
	new-youtube-local/output/p001_clip_05_02.mp4
	new-youtube-local/output/p001_clips.json
	new-youtube-local/output/p001_images.json
	new-youtube-local/output/p001_img_01_00.jpg
	new-youtube-local/output/p001_img_01_01.jpg
	new-youtube-local/output/p001_img_02_00.jpg
	new-youtube-local/output/p001_img_02_01.jpg
	new-youtube-local/output/p001_img_03_00.jpg
	new-youtube-local/output/p001_img_03_01.jpg
	new-youtube-local/output/p001_img_04_00.jpg
	new-youtube-local/output/p001_img_04_01.jpg
	new-youtube-local/output/p001_img_05_00.jpg
	new-youtube-local/output/p001_img_05_01.jpg
	new-youtube-local/output/p001_script.json
	new-youtube-local/output/p001_video.mp4
	new-youtube-local/output/p001_voice.wav
	new-youtube-local/output/p001_voice_meta.json
	new-youtube-local/output/post_py9D94NG_Ls_clip_01_00.mp4
	new-youtube-local/output/post_py9D94NG_Ls_clip_01_01.mp4
	new-youtube-local/output/post_py9D94NG_Ls_clips.json
	new-youtube-local/output/tmp_voice/

no changes added to commit (use "git add" and/or "git commit -a")
The stash entry is kept in case you need it again.

rc=1

--- head ---
$ git rev-parse HEAD
dc087477d7d49c4b97a72830dd6e84f60013d52d

rc=0
